[happier-decisions-886610.framer.app/index.html]
[backblue.gif]
[fade.gif]
[index.html]
[framerusercontent.com/images/rsP4HHVASGyEmYgkovQ7bxGo4pQ.png]
[framerusercontent.com/images/m3gxhNJXbE7izrN2tppo1Cbn6Rk.png]
[framerusercontent.com/images/6jTEps3FhlnB2Mn7xXsuicyfp0.png]
[happier-decisions-886610.framer.app/about.html]
[happier-decisions-886610.framer.app/portfolio.html]
[happier-decisions-886610.framer.app/contact.html]
[happier-decisions-886610.framer.app/portfolio-details/bacchanalia.html]
[framerusercontent.com/images/JLAPIhC0TFkK3xH24TJjnHpJdE594b.jpg]
[happier-decisions-886610.framer.app/portfolio-details/dauphinrealestate.html]
[framerusercontent.com/images/fqrlrPXkBYmpdB5ORK8AK792AxIb351.jpg]
[happier-decisions-886610.framer.app/portfolio-details/makyee.html]
[framerusercontent.com/images/RBDyc8XNgw78h9CYf06A5umpCA502d.jpg]
[happier-decisions-886610.framer.app/portfolio-details/3d-works-blender.html]
[framerusercontent.com/images/VJEheVglwLppN2eBvFufceRYI81b8.png]
[happier-decisions-886610.framer.app/portfolio-details/tinycrafts.html]
[framerusercontent.com/images/R7pUu0sBvREiJDawYFHD7Tpyk284e.jpg]
[happier-decisions-886610.framer.app/portfolio-details/logofolio.html]
[framerusercontent.com/images/zLuzPRMDpRjGjlAbLFS1hyVh5Ua443.jpg]
[framerusercontent.com/images/uLsBnOfxZ0kmrnRLy7t8gcdWCdc6e4d.jpg]
[framerusercontent.com/images/JLAPIhC0TFkK3xH24TJjnHpJdE3fa9.jpg]
[framerusercontent.com/images/fqrlrPXkBYmpdB5ORK8AK792AxI5749.jpg]
[framerusercontent.com/images/RBDyc8XNgw78h9CYf06A5umpCAbcd7.jpg]
[framerusercontent.com/images/VJEheVglwLppN2eBvFufceRYId55c.png]
[framerusercontent.com/images/R7pUu0sBvREiJDawYFHD7Tpyk6f8d.jpg]
[framerusercontent.com/images/zLuzPRMDpRjGjlAbLFS1hyVh5U3a66.jpg]
[happier-decisions-886610.framer.app/index.html]
[framerusercontent.com/images/fmxNZcxBEF2xLGLbROMiozP5oceb4e.png]
[framerusercontent.com/images/PL2ZRZkIfRPsMIpKb0iys4VRQiAc2e6.png]
[framerusercontent.com/images/LN3kQfZR5jSE5i9eGy2txHzzAc2e6.png]
[framerusercontent.com/images/5oMtDAvhCPxVqrAjwY0ijI8WUewc2e6.png]
[framerusercontent.com/images/5eh6hXdaeqHV1EBMJKTFeF96RYQc2e6.png]
[framerusercontent.com/images/9IBZ7k2Y3JROm99PYXbYqYfHy0c2e6.png]
[happier-decisions-886610.framer.app/about.html]
[happier-decisions-886610.framer.app/portfolio-details/presentation.html]
[framerusercontent.com/images/ZvQjfQ9pG2OPXVR618vl0uVhXI3a38.jpg]
[framerusercontent.com/images/ZvQjfQ9pG2OPXVR618vl0uVhXI4fd9.jpg]
[happier-decisions-886610.framer.app/portfolio.html]
[happier-decisions-886610.framer.app/contact.html]
[framerusercontent.com/images/7p8dYHgq1JRFd99rVoNFC636cCMc7c3.jpg]
[framerusercontent.com/images/8H80CHsQsb1OVhmKvKCkh6I3HaY6c9c.jpg]
[framerusercontent.com/images/Vs9fmIBWgVUGzXlJqpn7JeH0Aa095.png]
[framerusercontent.com/images/qkXXFdOaB8xxDkkl8lbYQFApcE631f.jpg]
[framerusercontent.com/images/AERp5edxRWyyDPOEPGfwJ59IBxQ918f.jpg]
[framerusercontent.com/images/eACCZe67RobKyX5g09O50DXs4ece.jpg]
[framerusercontent.com/images/aqLRGwnHv4fzSc4SrsUzIhmPOcd03e.jpg]
[framerusercontent.com/images/7p8dYHgq1JRFd99rVoNFC636cCM62d2.jpg]
[framerusercontent.com/images/8H80CHsQsb1OVhmKvKCkh6I3HaY44f1.jpg]
[framerusercontent.com/images/Vs9fmIBWgVUGzXlJqpn7JeH0A17d5.png]
[framerusercontent.com/images/qkXXFdOaB8xxDkkl8lbYQFApcE1b8e.jpg]
[framerusercontent.com/images/AERp5edxRWyyDPOEPGfwJ59IBxQ722a.jpg]
[framerusercontent.com/images/eACCZe67RobKyX5g09O50DXsb78e.jpg]
[framerusercontent.com/images/aqLRGwnHv4fzSc4SrsUzIhmPOc0ecb.jpg]
[happier-decisions-886610.framer.app/portfolio-details/bacchanalia.html]
[framerusercontent.com/images/e9u1BAx1Ubxv6WASe8l9tkXc565e.jpg]
[framerusercontent.com/images/0JJs54eAh1ggY1RXgtLqmOSI5bd4.jpg]
[framerusercontent.com/images/rqmek77DgnHUZTDybXI5CsVyao5bd4.jpg]
[framerusercontent.com/images/fJ0jvCVXgZYwZff9pLQudIGW7O86b40.jpg]
[framerusercontent.com/images/2MFWWbm1qoqCIcCk3dDfZrEntg2777.jpg]
[framerusercontent.com/images/iX10TKOmP3kvjOwx2sruW7hqM2777.jpg]
[framerusercontent.com/images/v0qpAxBfwzeKGo1GuNPt72aKrw5bd4.jpg]
[framerusercontent.com/images/AIhWk8VPmVb1MEaNGKWyPu4X9M631c.jpg]
[framerusercontent.com/images/zvISx639yYuN4ZjRYIL4Q6ecyo4ae7.jpg]
[framerusercontent.com/images/e9u1BAx1Ubxv6WASe8l9tkXc85eb.jpg]
[framerusercontent.com/images/0JJs54eAh1ggY1RXgtLqmOSIb674.jpg]
[framerusercontent.com/images/rqmek77DgnHUZTDybXI5CsVyaoc6f9.jpg]
[framerusercontent.com/images/fJ0jvCVXgZYwZff9pLQudIGW7O863d2.jpg]
[framerusercontent.com/images/2MFWWbm1qoqCIcCk3dDfZrEntge6e2.jpg]
[framerusercontent.com/images/iX10TKOmP3kvjOwx2sruW7hqMcfec.jpg]
[framerusercontent.com/images/v0qpAxBfwzeKGo1GuNPt72aKrwccc7.jpg]
[framerusercontent.com/images/AIhWk8VPmVb1MEaNGKWyPu4X9M3734.jpg]
[framerusercontent.com/images/zvISx639yYuN4ZjRYIL4Q6ecyo11e9.jpg]
[happier-decisions-886610.framer.app/portfolio-details/dauphinrealestate.html]
[framerusercontent.com/images/bN0peyWAVEK7A4BaU3iABW55088ac.png]
[framerusercontent.com/images/Iy6Q34RY5qOePymX1AlucnXO88102.png]
[framerusercontent.com/images/0O54aV1PqNHPyI6o7CBXvYXRcxY0b02.png]
[framerusercontent.com/images/sgZUXHr6HA42qDU7QGyaYclNogQcd01.jpg]
[framerusercontent.com/images/MC48vNnGtGzcQJe6C8yQZWTeOU4fef.jpg]
[framerusercontent.com/images/BLj7NlGnmUcoKLTZFsAbW8vPiKY2777.jpg]
[framerusercontent.com/images/aklNHOUa0BA0MJSgFXycuMtVls82777.jpg]
[framerusercontent.com/images/aEWhMhCP9Zd8qkRxurdbgV1z9g6b40.jpg]
[framerusercontent.com/images/jz3MERUuOvJWlzVAof2m8R5g0172.jpg]
[framerusercontent.com/images/bN0peyWAVEK7A4BaU3iABW5506f0f.png]
[framerusercontent.com/images/Iy6Q34RY5qOePymX1AlucnXO850e5.png]
[framerusercontent.com/images/0O54aV1PqNHPyI6o7CBXvYXRcxYc15e.png]
[framerusercontent.com/images/sgZUXHr6HA42qDU7QGyaYclNogQ9f3e.jpg]
[framerusercontent.com/images/MC48vNnGtGzcQJe6C8yQZWTeOUb7a4.jpg]
[framerusercontent.com/images/BLj7NlGnmUcoKLTZFsAbW8vPiKYf94d.jpg]
[framerusercontent.com/images/aklNHOUa0BA0MJSgFXycuMtVls8702e.jpg]
[framerusercontent.com/images/aEWhMhCP9Zd8qkRxurdbgV1z9g8f62.jpg]
[framerusercontent.com/images/jz3MERUuOvJWlzVAof2m8R5g444c.jpg]
[happier-decisions-886610.framer.app/portfolio-details/makyee.html]
[framerusercontent.com/images/0eQfiASGLFur9MLnlKTmHFZWlN0e822.jpg]
[framerusercontent.com/images/i9Bke1BaTeZCjgnNf4sFZMVTsc0ea.png]
[framerusercontent.com/images/f13jqOJevHmhVo6MASbIPQZbhEe58b.png]
[framerusercontent.com/images/TnI5WPZcRDLin8R1ALeX6rOY8eac.png]
[framerusercontent.com/images/zQD8k3GXzal7AnOO2TxGTTVg3f9f.png]
[framerusercontent.com/images/dWMMJ3r7qwlavyuDsdub7YuksuY6c9c.png]
[framerusercontent.com/images/HuLbb0oGWsZUWR0YUgzyGAw1eE6c9c.png]
[framerusercontent.com/images/DrYfP7JSRDdF8B5qvcHE1vxFg2f89.jpg]
[framerusercontent.com/images/0eQfiASGLFur9MLnlKTmHFZWlN05a0e.jpg]
[framerusercontent.com/images/i9Bke1BaTeZCjgnNf4sFZMVTs3940.png]
[framerusercontent.com/images/f13jqOJevHmhVo6MASbIPQZbhE7c31.png]
[framerusercontent.com/images/TnI5WPZcRDLin8R1ALeX6rOYf476.png]
[framerusercontent.com/images/zQD8k3GXzal7AnOO2TxGTTVgffbc.png]
[framerusercontent.com/images/dWMMJ3r7qwlavyuDsdub7YuksuY9a68.png]
[framerusercontent.com/images/HuLbb0oGWsZUWR0YUgzyGAw1eE8712.png]
[framerusercontent.com/images/DrYfP7JSRDdF8B5qvcHE1vxFga91f.jpg]
[happier-decisions-886610.framer.app/portfolio-details/3d-works-blender.html]
[framerusercontent.com/images/52KwWXRvGJn9Hjv38NQFXvPrfw0eb6.png]
[framerusercontent.com/images/0VzYUC1NFRtCNl7UFmsuG5OtJzwe822.jpg]
[framerusercontent.com/images/allPbPKCcX4EZzAjvrBA2C6z3X8e822.jpg]
[framerusercontent.com/images/wbXgDIEUwch3TU68FtTvqFyYeU6c9c.png]
[framerusercontent.com/images/IzsOuR7EXYxvTyaQtwFuZfpeGBEb1ce.jpg]
[framerusercontent.com/images/52KwWXRvGJn9Hjv38NQFXvPrfwcdfa.png]
[framerusercontent.com/images/0VzYUC1NFRtCNl7UFmsuG5OtJzw6d80.jpg]
[framerusercontent.com/images/allPbPKCcX4EZzAjvrBA2C6z3X81123.jpg]
[framerusercontent.com/images/wbXgDIEUwch3TU68FtTvqFyYeU40a6.png]
[framerusercontent.com/images/IzsOuR7EXYxvTyaQtwFuZfpeGBE99ac.jpg]
[happier-decisions-886610.framer.app/portfolio-details/tinycrafts.html]
[framerusercontent.com/images/RxbYqi00qeAiT9KVRn4MqrBlEcd838.png]
[framerusercontent.com/images/6eePt2xGaqoO9mBO1iYl5Ks5v84480f.jpg]
[framerusercontent.com/images/95Ej9j23GOeclVsAmfeCxT2zO07e77.png]
[framerusercontent.com/images/RxbYqi00qeAiT9KVRn4MqrBlEc9e85.png]
[framerusercontent.com/images/6eePt2xGaqoO9mBO1iYl5Ks5v845304.jpg]
[framerusercontent.com/images/95Ej9j23GOeclVsAmfeCxT2zO07e29.png]
[happier-decisions-886610.framer.app/portfolio-details/logofolio.html]
[framerusercontent.com/images/7n6RXoA704cIj2iGKm7T6THU565e.jpg]
[framerusercontent.com/images/uRSNQmXfMjeO42xF6MZXIopws433c9.png]
[framerusercontent.com/images/zsVz0q817MkrgP8lV6hcd1pJk7d44.png]
[framerusercontent.com/images/7n6RXoA704cIj2iGKm7T6THU2234.jpg]
[framerusercontent.com/images/uRSNQmXfMjeO42xF6MZXIopws42dde.png]
[framerusercontent.com/images/zsVz0q817MkrgP8lV6hcd1pJk8147.png]
[happier-decisions-886610.framer.app/portfolio-details/presentation.html]
